../Core/Src/motor.c:18:17:PercentToCompare	16	static
../Core/Src/motor.c:32:6:Motor_Init	8	static
../Core/Src/motor.c:41:6:Motor_SetLeftSpeed	24	static
../Core/Src/motor.c:46:6:Motor_SetRightSpeed	24	static
../Core/Src/motor.c:51:6:Motor_SetSpeed	16	static
../Core/Src/motor.c:63:6:Motor_Backward	4	static
../Core/Src/motor.c:78:6:Motor_Forward	4	static
../Core/Src/motor.c:93:6:Motor_TurnLeft	8	static
../Core/Src/motor.c:112:6:Motor_TurnRight	8	static
../Core/Src/motor.c:131:6:Motor_Stop	8	static
